COPYING.html
HISTORY.html
README.html
THANKS.html
index.html
rst.html
RELEASE-NOTES.html
BUGS.html
FAQ.html
docutils/parsers/rst/include/README.html
test/functional/expected/standalone_rst_html4css1.html
test/functional/expected/misc_rst_html4css1.html
test/functional/expected/dangerous.html
test/functional/expected/pep_html.html
test/functional/expected/field_name_limit.html
test/functional/expected/standalone_rst_s5_html_2.html
test/functional/expected/standalone_rst_s5_html_1.html
test/functional/expected/compact_lists.html
tools/editors/emacs/README.html
tools/editors/README.html
tools/dev/README.html
mirror/setext.html
sandbox/tibs/pysource/notes/string.html
sandbox/dkuhlman/docutils/docs/rst/pythonlatex_quickref.html
sandbox/wilk/french/quickstart-fr.html
sandbox/cben/make/Makefile.docutils.html
sandbox/ianb/wiki/docs/Wiki.html
sandbox/gschwant/docfactory/doc/head.html
sandbox/gschwant/docfactory/doc/navigation_l.html
sandbox/gschwant/docfactory/doc/index.html
sandbox/gschwant/docfactory/doc/downloads.html
sandbox/gschwant/docfactory/doc/HISTORY.html
sandbox/gschwant/docfactory/doc/FAQ.html
sandbox/gschwant/docfactory/doc/start.html
sandbox/gschwant/docfactory/doc/screenshots.html
sandbox/gschwant/docfactory/LICENSE.html
sandbox/gschwant/docfactory/NOTES.html
sandbox/stylesheets/index.html
sandbox/presentations/pycon2006/architecture-extending-and-embedding/demo/test.html
sandbox/presentations/pycon2006/architecture-extending-and-embedding/presentation.html
sandbox/presentations/pycon2007/doctrees-lightning-talk/footnote.html
sandbox/OpenDocument/docs/odtwriter.html
sandbox/OpenDocument/docs/plugins_proposal.html
sandbox/py-rest-doc/sphinx/templates/genindex.html
sandbox/py-rest-doc/sphinx/templates/page.html
sandbox/py-rest-doc/sphinx/templates/layout.html
sandbox/py-rest-doc/sphinx/templates/modindex.html
sandbox/py-rest-doc/sphinx/templates/search.html
sandbox/py-rest-doc/sphinx/templates/index.html
sandbox/py-rest-doc/sphinx/templates/not_found.html
sandbox/py-rest-doc/sphinx/templates/show_source.html
sandbox/py-rest-doc/sphinx/templates/admin/layout.html
sandbox/py-rest-doc/sphinx/templates/admin/index.html
sandbox/py-rest-doc/sphinx/templates/admin/moderate_comments.html
sandbox/py-rest-doc/sphinx/templates/admin/change_password.html
sandbox/py-rest-doc/sphinx/templates/admin/login.html
sandbox/py-rest-doc/sphinx/templates/admin/manage_users.html
sandbox/py-rest-doc/sphinx/templates/keyword_not_found.html
sandbox/py-rest-doc/sphinx/templates/edit.html
sandbox/py-rest-doc/sphinx/templates/preview.html
sandbox/py-rest-doc/sphinx/templates/comments.html
sandbox/py-rest-doc/sphinx/templates/submitted.html
sandbox/py-rest-doc/sphinx/templates/sidebar.html
sandbox/py-rest-doc/sphinx/templates/inlinecomments.html
sandbox/py-rest-doc/sphinx/templates/settings.html
sandbox/py-rest-doc/sphinx/templates/_commentform.html
sandbox/py-rest-doc/sphinx/templates/commentform.html
sandbox/package-doc/soc-application.html
sandbox/package-doc/soc-timeline.html
sandbox/package-doc/multiple-input-files.html
sandbox/code-block-directive/docs/syntax-highlight.html
sandbox/code-block-directive/docs/pygments_with_docutils-latex-problems.html
sandbox/code-block-directive/rst2html-highlight.html
sandbox/html4trans/docs/usage.html
sandbox/html4trans/data/html4trans-sample.html
sandbox/latex-variants/docs/syntax-highlight-with-listings.html
sandbox/rst2wordml/readme.html
sandbox/tibs/pysource/doc/whythis.html
sandbox/tibs/pysource/notes/roles.html
sandbox/tibs/pysource/notes/thoughts.html
sandbox/tibs/pysource/notes/scope.html
sandbox/tibs/pysource/notes/notes.html
sandbox/tibs/pysource/group-notes.html
sandbox/tibs/pysource2/log.html
