./FAQ.html
./docs/howto/rst-directives.html
./docs/howto/rst-roles.html
./docs/howto/i18n.html
./docs/howto/html-stylesheets.html
./docs/howto/security.html
./docs/peps/pep-0287.html
./docs/peps/pep-0256.html
./docs/peps/pep-0257.html
./docs/peps/pep-0258.html
./docs/api/runtime-settings.html
./docs/api/cmdline-tool.html
./docs/api/publisher.html
./docs/ref/rst/introduction.html
./docs/ref/rst/directives.html
./docs/ref/rst/roles.html
./docs/ref/rst/restructuredtext.html
./docs/ref/rst/definitions.html
./docs/ref/doctree.html
./docs/ref/transforms.html
./docs/dev/rst/alternatives.html
./docs/dev/rst/problems.html
./docs/dev/website.html
./docs/dev/semantics.html
./docs/dev/todo.html
./docs/dev/enthought-rfp.html
./docs/dev/policies.html
./docs/dev/pysource.html
./docs/dev/enthought-plan.html
./docs/dev/testing.html
./docs/dev/repository.html
./docs/dev/release.html
./docs/dev/hacking.html
./docs/dev/distributing.html
./docs/user/rst/quickref.html
./docs/user/rst/quickstart.html
./docs/user/rst/demo.html
./docs/user/rst/cheatsheet.html
./docs/user/config.html
./docs/user/docutils-05-compat.sty.txt
./docs/user/latex.html
./docs/user/odt.html
./docs/user/tools.html
./docs/user/mailing-lists.html
./docs/user/links.html
./docs/user/emacs.html
./docs/user/slide-shows.html
./docs/user/slide-shows.s5.html
./docs/user/slide-shows-alt.s5.html
./docs/index.html
./docutils/parsers/rst/include/README.html
./test/functional/expected/standalone_rst_html4css1.html
./test/functional/expected/misc_rst_html4css1.html
./test/functional/expected/dangerous.html
./test/functional/expected/pep_html.html
./test/functional/expected/field_name_limit.html
./test/functional/expected/standalone_rst_s5_html_2.html
./test/functional/expected/standalone_rst_s5_html_1.html
./test/functional/expected/compact_lists.html
./tools/editors/emacs/README.html
./tools/editors/README.html
./tools/stylesheets/latex-notes.html
./tools/dev/README.html
./mirror/setext.html
./BUGS.html
./sandbox/mly/restblog/README.html
./sandbox/tibs/pysource/notes/string.html
./sandbox/dkuhlman/docutils/docs/rst/pythonlatex_quickref.html
./sandbox/wilk/french/quickstart-fr.html
./sandbox/cben/rolehack/README.html
./sandbox/cben/make/Makefile.docutils.html
./sandbox/cben/make/README.html
./sandbox/amk/abc/sample.html
./sandbox/ianb/wiki/docs/Wiki.html
./sandbox/gschwant/htmlnav/README.html
./sandbox/gschwant/docfactory/doc/head.html
./sandbox/gschwant/docfactory/doc/navigation_l.html
./sandbox/gschwant/docfactory/doc/index.html
./sandbox/gschwant/docfactory/doc/downloads.html
./sandbox/gschwant/docfactory/doc/HISTORY.html
./sandbox/gschwant/docfactory/doc/FAQ.html
./sandbox/gschwant/docfactory/doc/start.html
./sandbox/gschwant/docfactory/doc/screenshots.html
./sandbox/gschwant/docfactory/LICENSE.html
./sandbox/gschwant/docfactory/NOTES.html
./sandbox/gschwant/docfactory/README.html
./sandbox/README.html
./sandbox/cliechti/aafigure/README.html
./sandbox/cliechti/README.html
./sandbox/stylesheets/index.html
./sandbox/presentations/pycon2006/architecture-extending-and-embedding/demo/test.html
./sandbox/presentations/pycon2006/architecture-extending-and-embedding/presentation.html
./sandbox/presentations/pycon2007/doctrees-lightning-talk/footnote.html
./sandbox/aafigure/README.html
./sandbox/include-before-after/test/functional/expected/standalone_rst_s5_html_2.html
./sandbox/include-before-after/test/functional/expected/field_name_limit.html
./sandbox/include-before-after/test/functional/expected/standalone_rst_html4css1.html
./sandbox/include-before-after/test/functional/expected/compact_lists.html
./sandbox/include-before-after/test/functional/expected/misc_rst_html4css1.html
./sandbox/include-before-after/test/functional/expected/dangerous.html
./sandbox/include-before-after/test/functional/expected/pep_html.html
./sandbox/include-before-after/test/functional/expected/standalone_rst_s5_html_1.html
./sandbox/OpenDocument/docs/odtwriter.html
./sandbox/OpenDocument/docs/plugins_proposal.html
./sandbox/OpenDocument/README.html
./sandbox/py-rest-doc/sphinx/templates/genindex.html
./sandbox/py-rest-doc/sphinx/templates/page.html
./sandbox/py-rest-doc/sphinx/templates/layout.html
./sandbox/py-rest-doc/sphinx/templates/modindex.html
./sandbox/py-rest-doc/sphinx/templates/search.html
./sandbox/py-rest-doc/sphinx/templates/index.html
./sandbox/py-rest-doc/sphinx/templates/not_found.html
./sandbox/py-rest-doc/sphinx/templates/show_source.html
./sandbox/py-rest-doc/sphinx/templates/admin/layout.html
./sandbox/py-rest-doc/sphinx/templates/admin/index.html
./sandbox/py-rest-doc/sphinx/templates/admin/moderate_comments.html
./sandbox/py-rest-doc/sphinx/templates/admin/change_password.html
./sandbox/py-rest-doc/sphinx/templates/admin/login.html
./sandbox/py-rest-doc/sphinx/templates/admin/manage_users.html
./sandbox/py-rest-doc/sphinx/templates/keyword_not_found.html
./sandbox/py-rest-doc/sphinx/templates/edit.html
./sandbox/py-rest-doc/sphinx/templates/preview.html
./sandbox/py-rest-doc/sphinx/templates/comments.html
./sandbox/py-rest-doc/sphinx/templates/submitted.html
./sandbox/py-rest-doc/sphinx/templates/sidebar.html
./sandbox/py-rest-doc/sphinx/templates/inlinecomments.html
./sandbox/py-rest-doc/sphinx/templates/settings.html
./sandbox/py-rest-doc/sphinx/templates/_commentform.html
./sandbox/py-rest-doc/sphinx/templates/commentform.html
./sandbox/package-doc/README.html
./sandbox/package-doc/soc-application.html
./sandbox/package-doc/soc-timeline.html
./sandbox/package-doc/multiple-input-files.html
./sandbox/code-block-directive/tools/pygments-enhanced-front-ends/README.html
./sandbox/code-block-directive/docs/syntax-highlight.html
./sandbox/code-block-directive/docs/pygments_with_docutils-latex-problems.html
./sandbox/code-block-directive/README.html
./sandbox/code-block-directive/rst2html-highlight.html
./sandbox/html4trans/docs/usage.html
./sandbox/html4trans/data/html4trans-sample.html
./sandbox/html4trans/README.html
./sandbox/latex-variants/tests/README.html
./sandbox/latex-variants/README.html
./sandbox/latex-variants/docs/syntax-highlight-with-listings.html
./sandbox/rst2wordml/readme.html
./sandbox/rst2chunkedhtml/README.html
./sandbox/html4strict/docs/sample-field-list-table-wrap.html
./sandbox/html4strict/docs/sample-field-list-table1.html
./sandbox/html4strict/docs/sample-html4css1.html
./sandbox/html4strict/docs/sample-html4css2.html
./sandbox/html4strict/docs/sample-field-list-hanging.html
./sandbox/html4strict/docs/sample-html4-strict-css1.html
./sandbox/html4strict/README.html
./sandbox/rst2pdf/README.html
./COPYING.html
./HISTORY.html
./README.html
./THANKS.html
./index.html
./rst.html
./RELEASE-NOTES.html
